[INFO] This is o2-sim version 1.2.0 (84e43136cb)
[INFO] Built by ALIBUILD:1.17.18+noble, ALIDIST-REV:b7fc841932b3cc029df0f41192797a1c75652a3f on OS:Linux-6.8.0-60-generic
[INFO] BINDING TO ADDRESS ipc:///tmp/o2sim-notifications-109221 type pub
[INFO] Running with official detector version 'ALICE2'
[INFO] Running with official detector version 'ALICE2.1'
[INFO] Running with official detector version 'ALICE2'
[INFO] Running with official detector version 'ALICE2.1'
[INFO] Running with 8 sim workers 
[INFO] CREATING SIM SHARED MEM SEGMENT FOR 8 WORKERS
Spawning particle server on PID 109224; Redirect output to o2sim_serverlog
Spawning sim worker 0 on PID 109250; Redirect output to o2sim_workerlog0
Spawning hit merger on PID 109251; Redirect output to o2sim_mergerlog
[INFO] DISTRIBUTING EVENT : 1
[INFO] DISTRIBUTING EVENT : 2
[INFO] DISTRIBUTING EVENT : 3
[INFO] DISTRIBUTING EVENT : 4
[INFO] DISTRIBUTING EVENT : 5
[INFO] DISTRIBUTING EVENT : 6
[INFO] DISTRIBUTING EVENT : 7
[INFO] DISTRIBUTING EVENT : 8
[INFO] EVENT FINISHED : 8
[INFO] DISTRIBUTING EVENT : 9
[INFO] EVENT FINISHED : 7
[INFO] DISTRIBUTING EVENT : 10
[INFO] EVENT FINISHED : 10
[INFO] DISTRIBUTING EVENT : 11
[INFO] EVENT FINISHED : 1
[INFO] DISTRIBUTING EVENT : 12
[INFO] EVENT FINISHED : 5
[INFO] DISTRIBUTING EVENT : 13
[INFO] EVENT FINISHED : 11
[INFO] DISTRIBUTING EVENT : 14
[INFO] EVENT FINISHED : 9
[INFO] DISTRIBUTING EVENT : 15
[INFO] EVENT FINISHED : 2
[INFO] DISTRIBUTING EVENT : 16
[INFO] EVENT FINISHED : 3
[INFO] DISTRIBUTING EVENT : 17
[INFO] EVENT FINISHED : 15
[INFO] DISTRIBUTING EVENT : 18
[INFO] EVENT FINISHED : 6
[INFO] DISTRIBUTING EVENT : 19
[INFO] EVENT FINISHED : 4
[INFO] DISTRIBUTING EVENT : 20
[INFO] EVENT FINISHED : 14
[INFO] DISTRIBUTING EVENT : 21
[INFO] EVENT FINISHED : 18
[INFO] DISTRIBUTING EVENT : 22
[INFO] EVENT FINISHED : 19
[INFO] DISTRIBUTING EVENT : 23
[INFO] EVENT FINISHED : 13
[INFO] DISTRIBUTING EVENT : 24
[INFO] EVENT FINISHED : 12
[INFO] DISTRIBUTING EVENT : 25
[INFO] EVENT FINISHED : 17
[INFO] DISTRIBUTING EVENT : 26
[INFO] EVENT FINISHED : 16
[INFO] DISTRIBUTING EVENT : 27
[INFO] EVENT FINISHED : 22
[INFO] DISTRIBUTING EVENT : 28
[INFO] EVENT FINISHED : 24
[INFO] DISTRIBUTING EVENT : 29
[INFO] EVENT FINISHED : 20
[INFO] DISTRIBUTING EVENT : 30
[INFO] EVENT FINISHED : 26
[INFO] DISTRIBUTING EVENT : 31
[INFO] EVENT FINISHED : 25
[INFO] DISTRIBUTING EVENT : 32
[INFO] EVENT FINISHED : 27
[INFO] DISTRIBUTING EVENT : 33
[INFO] EVENT FINISHED : 23
[INFO] DISTRIBUTING EVENT : 34
[INFO] EVENT FINISHED : 28
[INFO] DISTRIBUTING EVENT : 35
[INFO] EVENT FINISHED : 21
[INFO] DISTRIBUTING EVENT : 36
[INFO] EVENT FINISHED : 30
[INFO] DISTRIBUTING EVENT : 37
[INFO] EVENT FINISHED : 36
[INFO] DISTRIBUTING EVENT : 38
[INFO] EVENT FINISHED : 34
[INFO] DISTRIBUTING EVENT : 39
[INFO] EVENT FINISHED : 38
[INFO] DISTRIBUTING EVENT : 40
[INFO] EVENT FINISHED : 35
[INFO] DISTRIBUTING EVENT : 41
[INFO] EVENT FINISHED : 29
[INFO] DISTRIBUTING EVENT : 42
[INFO] EVENT FINISHED : 39
[INFO] DISTRIBUTING EVENT : 43
[INFO] EVENT FINISHED : 33
[INFO] DISTRIBUTING EVENT : 44
[INFO] EVENT FINISHED : 32
[INFO] DISTRIBUTING EVENT : 45
[INFO] EVENT FINISHED : 37
[INFO] DISTRIBUTING EVENT : 46
[INFO] EVENT FINISHED : 41
[INFO] DISTRIBUTING EVENT : 47
[INFO] EVENT FINISHED : 31
[INFO] DISTRIBUTING EVENT : 48
[INFO] EVENT FINISHED : 47
[INFO] DISTRIBUTING EVENT : 49
[INFO] EVENT FINISHED : 40
[INFO] DISTRIBUTING EVENT : 50
[INFO] EVENT FINISHED : 45
[INFO] DISTRIBUTING EVENT : 51
[INFO] EVENT FINISHED : 44
[INFO] DISTRIBUTING EVENT : 52
[INFO] EVENT FINISHED : 52
[INFO] DISTRIBUTING EVENT : 53
[INFO] EVENT FINISHED : 43
[INFO] DISTRIBUTING EVENT : 54
[INFO] EVENT FINISHED : 46
[INFO] DISTRIBUTING EVENT : 55
[INFO] EVENT FINISHED : 42
[INFO] DISTRIBUTING EVENT : 56
[INFO] EVENT FINISHED : 56
[INFO] DISTRIBUTING EVENT : 57
[INFO] EVENT FINISHED : 51
[INFO] DISTRIBUTING EVENT : 58
[INFO] EVENT FINISHED : 53
[INFO] DISTRIBUTING EVENT : 59
[INFO] EVENT FINISHED : 50
[INFO] DISTRIBUTING EVENT : 60
[INFO] EVENT FINISHED : 48
[INFO] DISTRIBUTING EVENT : 61
[INFO] EVENT FINISHED : 49
[INFO] DISTRIBUTING EVENT : 62
[INFO] EVENT FINISHED : 55
[INFO] DISTRIBUTING EVENT : 63
[INFO] EVENT FINISHED : 61
[INFO] DISTRIBUTING EVENT : 64
[INFO] EVENT FINISHED : 63
[INFO] DISTRIBUTING EVENT : 65
[INFO] EVENT FINISHED : 54
[INFO] DISTRIBUTING EVENT : 66
[INFO] EVENT FINISHED : 66
[INFO] DISTRIBUTING EVENT : 67
[INFO] EVENT FINISHED : 67
[INFO] DISTRIBUTING EVENT : 68
[INFO] EVENT FINISHED : 58
[INFO] DISTRIBUTING EVENT : 69
[INFO] EVENT FINISHED : 57
[INFO] DISTRIBUTING EVENT : 70
[INFO] EVENT FINISHED : 59
[INFO] DISTRIBUTING EVENT : 71
[INFO] EVENT FINISHED : 71
[INFO] DISTRIBUTING EVENT : 72
[INFO] EVENT FINISHED : 60
[INFO] DISTRIBUTING EVENT : 73
[INFO] EVENT FINISHED : 65
[INFO] DISTRIBUTING EVENT : 74
[INFO] EVENT FINISHED : 68
[INFO] DISTRIBUTING EVENT : 75
[INFO] EVENT FINISHED : 64
[INFO] DISTRIBUTING EVENT : 76
[INFO] EVENT FINISHED : 69
[INFO] DISTRIBUTING EVENT : 77
[INFO] EVENT FINISHED : 73
[INFO] DISTRIBUTING EVENT : 78
[INFO] EVENT FINISHED : 72
[INFO] DISTRIBUTING EVENT : 79
[INFO] EVENT FINISHED : 78
[INFO] DISTRIBUTING EVENT : 80
[INFO] EVENT FINISHED : 74
[INFO] DISTRIBUTING EVENT : 81
[INFO] EVENT FINISHED : 62
[INFO] DISTRIBUTING EVENT : 82
[INFO] EVENT FINISHED : 82
[INFO] DISTRIBUTING EVENT : 83
[INFO] EVENT FINISHED : 70
[INFO] DISTRIBUTING EVENT : 84
[INFO] EVENT FINISHED : 77
[INFO] DISTRIBUTING EVENT : 85
[INFO] EVENT FINISHED : 79
[INFO] DISTRIBUTING EVENT : 86
[INFO] EVENT FINISHED : 76
[INFO] DISTRIBUTING EVENT : 87
[INFO] EVENT FINISHED : 80
[INFO] DISTRIBUTING EVENT : 88
[INFO] EVENT FINISHED : 83
[INFO] DISTRIBUTING EVENT : 89
[INFO] EVENT FINISHED : 75
[INFO] DISTRIBUTING EVENT : 90
[INFO] EVENT FINISHED : 89
[INFO] DISTRIBUTING EVENT : 91
[INFO] EVENT FINISHED : 84
[INFO] DISTRIBUTING EVENT : 92
[INFO] EVENT FINISHED : 81
[INFO] DISTRIBUTING EVENT : 93
[INFO] EVENT FINISHED : 90
[INFO] DISTRIBUTING EVENT : 94
[INFO] EVENT FINISHED : 85
[INFO] DISTRIBUTING EVENT : 95
[INFO] EVENT FINISHED : 91
[INFO] DISTRIBUTING EVENT : 96
[INFO] EVENT FINISHED : 94
[INFO] DISTRIBUTING EVENT : 97
[INFO] EVENT FINISHED : 88
[INFO] DISTRIBUTING EVENT : 98
[INFO] EVENT FINISHED : 92
[INFO] DISTRIBUTING EVENT : 99
[INFO] EVENT FINISHED : 86
[INFO] DISTRIBUTING EVENT : 100
[INFO] EVENT FINISHED : 97
[INFO] DISTRIBUTING EVENT : 101
[INFO] EVENT FINISHED : 87
[INFO] DISTRIBUTING EVENT : 102
[INFO] EVENT FINISHED : 101
[INFO] DISTRIBUTING EVENT : 103
[INFO] EVENT FINISHED : 93
[INFO] DISTRIBUTING EVENT : 104
[INFO] EVENT FINISHED : 96
[INFO] DISTRIBUTING EVENT : 105
[INFO] EVENT FINISHED : 99
[INFO] DISTRIBUTING EVENT : 106
[INFO] EVENT FINISHED : 100
[INFO] DISTRIBUTING EVENT : 107
[INFO] EVENT FINISHED : 98
[INFO] DISTRIBUTING EVENT : 108
[INFO] EVENT FINISHED : 106
[INFO] DISTRIBUTING EVENT : 109
[INFO] EVENT FINISHED : 95
[INFO] DISTRIBUTING EVENT : 110
[INFO] EVENT FINISHED : 104
[INFO] DISTRIBUTING EVENT : 111
[INFO] EVENT FINISHED : 102
[INFO] DISTRIBUTING EVENT : 112
[INFO] EVENT FINISHED : 112
[INFO] DISTRIBUTING EVENT : 113
[INFO] EVENT FINISHED : 103
[INFO] DISTRIBUTING EVENT : 114
[INFO] EVENT FINISHED : 105
[INFO] DISTRIBUTING EVENT : 115
[INFO] EVENT FINISHED : 109
[INFO] DISTRIBUTING EVENT : 116
[INFO] EVENT FINISHED : 110
[INFO] DISTRIBUTING EVENT : 117
[INFO] EVENT FINISHED : 113
[INFO] DISTRIBUTING EVENT : 118
[INFO] EVENT FINISHED : 108
[INFO] DISTRIBUTING EVENT : 119
[INFO] EVENT FINISHED : 115
[INFO] DISTRIBUTING EVENT : 120
[INFO] EVENT FINISHED : 111
[INFO] DISTRIBUTING EVENT : 121
[INFO] EVENT FINISHED : 107
[INFO] DISTRIBUTING EVENT : 122
[INFO] EVENT FINISHED : 114
[INFO] DISTRIBUTING EVENT : 123
[INFO] EVENT FINISHED : 119
[INFO] DISTRIBUTING EVENT : 124
[INFO] EVENT FINISHED : 118
[INFO] DISTRIBUTING EVENT : 125
[INFO] EVENT FINISHED : 116
[INFO] DISTRIBUTING EVENT : 126
[INFO] EVENT FINISHED : 124
[INFO] DISTRIBUTING EVENT : 127
[INFO] EVENT FINISHED : 120
[INFO] DISTRIBUTING EVENT : 128
[INFO] EVENT FINISHED : 127
[INFO] DISTRIBUTING EVENT : 129
[INFO] EVENT FINISHED : 117
[INFO] DISTRIBUTING EVENT : 130
[INFO] EVENT FINISHED : 121
[INFO] DISTRIBUTING EVENT : 131
[INFO] EVENT FINISHED : 122
[INFO] DISTRIBUTING EVENT : 132
[INFO] EVENT FINISHED : 123
[INFO] DISTRIBUTING EVENT : 133
[INFO] EVENT FINISHED : 130
[INFO] DISTRIBUTING EVENT : 134
[INFO] EVENT FINISHED : 133
[INFO] DISTRIBUTING EVENT : 135
[INFO] EVENT FINISHED : 126
[INFO] DISTRIBUTING EVENT : 136
[INFO] EVENT FINISHED : 125
[INFO] DISTRIBUTING EVENT : 137
[INFO] EVENT FINISHED : 129
[INFO] DISTRIBUTING EVENT : 138
[INFO] EVENT FINISHED : 131
[INFO] DISTRIBUTING EVENT : 139
[INFO] EVENT FINISHED : 136
[INFO] DISTRIBUTING EVENT : 140
[INFO] EVENT FINISHED : 137
[INFO] DISTRIBUTING EVENT : 141
[INFO] EVENT FINISHED : 138
[INFO] DISTRIBUTING EVENT : 142
[INFO] EVENT FINISHED : 132
[INFO] DISTRIBUTING EVENT : 143
[INFO] EVENT FINISHED : 135
[INFO] DISTRIBUTING EVENT : 144
[INFO] EVENT FINISHED : 128
[INFO] DISTRIBUTING EVENT : 145
[INFO] EVENT FINISHED : 140
[INFO] DISTRIBUTING EVENT : 146
[INFO] EVENT FINISHED : 134
[INFO] DISTRIBUTING EVENT : 147
[INFO] EVENT FINISHED : 139
[INFO] DISTRIBUTING EVENT : 148
[INFO] EVENT FINISHED : 145
[INFO] DISTRIBUTING EVENT : 149
[INFO] EVENT FINISHED : 143
[INFO] DISTRIBUTING EVENT : 150
[INFO] EVENT FINISHED : 142
[INFO] DISTRIBUTING EVENT : 151
[INFO] EVENT FINISHED : 144
[INFO] DISTRIBUTING EVENT : 152
[INFO] EVENT FINISHED : 141
[INFO] DISTRIBUTING EVENT : 153
[INFO] EVENT FINISHED : 146
[INFO] DISTRIBUTING EVENT : 154
[INFO] EVENT FINISHED : 147
[INFO] DISTRIBUTING EVENT : 155
[INFO] EVENT FINISHED : 148
[INFO] DISTRIBUTING EVENT : 156
[INFO] EVENT FINISHED : 152
[INFO] DISTRIBUTING EVENT : 157
[INFO] EVENT FINISHED : 156
[INFO] DISTRIBUTING EVENT : 158
[INFO] EVENT FINISHED : 150
[INFO] DISTRIBUTING EVENT : 159
[INFO] EVENT FINISHED : 151
[INFO] DISTRIBUTING EVENT : 160
[INFO] EVENT FINISHED : 159
[INFO] DISTRIBUTING EVENT : 161
[INFO] EVENT FINISHED : 149
[INFO] DISTRIBUTING EVENT : 162
[INFO] EVENT FINISHED : 154
[INFO] DISTRIBUTING EVENT : 163
[INFO] EVENT FINISHED : 163
[INFO] DISTRIBUTING EVENT : 164
[INFO] EVENT FINISHED : 155
[INFO] DISTRIBUTING EVENT : 165
[INFO] EVENT FINISHED : 153
[INFO] DISTRIBUTING EVENT : 166
[INFO] EVENT FINISHED : 157
[INFO] DISTRIBUTING EVENT : 167
[INFO] EVENT FINISHED : 160
[INFO] DISTRIBUTING EVENT : 168
[INFO] EVENT FINISHED : 165
[INFO] DISTRIBUTING EVENT : 169
[INFO] EVENT FINISHED : 158
[INFO] DISTRIBUTING EVENT : 170
[INFO] EVENT FINISHED : 161
[INFO] DISTRIBUTING EVENT : 171
[INFO] EVENT FINISHED : 167
[INFO] DISTRIBUTING EVENT : 172
[INFO] EVENT FINISHED : 162
[INFO] DISTRIBUTING EVENT : 173
[INFO] EVENT FINISHED : 168
[INFO] DISTRIBUTING EVENT : 174
[INFO] EVENT FINISHED : 174
[INFO] DISTRIBUTING EVENT : 175
[INFO] EVENT FINISHED : 164
[INFO] DISTRIBUTING EVENT : 176
[INFO] EVENT FINISHED : 172
[INFO] DISTRIBUTING EVENT : 177
[INFO] EVENT FINISHED : 166
[INFO] DISTRIBUTING EVENT : 178
[INFO] EVENT FINISHED : 171
[INFO] DISTRIBUTING EVENT : 179
[INFO] EVENT FINISHED : 170
[INFO] DISTRIBUTING EVENT : 180
[INFO] EVENT FINISHED : 179
[INFO] DISTRIBUTING EVENT : 181
[INFO] EVENT FINISHED : 169
[INFO] DISTRIBUTING EVENT : 182
[INFO] EVENT FINISHED : 176
[INFO] DISTRIBUTING EVENT : 183
[INFO] EVENT FINISHED : 175
[INFO] DISTRIBUTING EVENT : 184
[INFO] EVENT FINISHED : 180
[INFO] DISTRIBUTING EVENT : 185
[INFO] EVENT FINISHED : 173
[INFO] DISTRIBUTING EVENT : 186
[INFO] EVENT FINISHED : 181
[INFO] DISTRIBUTING EVENT : 187
[INFO] EVENT FINISHED : 177
[INFO] DISTRIBUTING EVENT : 188
[INFO] EVENT FINISHED : 178
[INFO] DISTRIBUTING EVENT : 189
[INFO] EVENT FINISHED : 183
[INFO] DISTRIBUTING EVENT : 190
[INFO] EVENT FINISHED : 184
[INFO] DISTRIBUTING EVENT : 191
[INFO] EVENT FINISHED : 182
[INFO] DISTRIBUTING EVENT : 192
[INFO] EVENT FINISHED : 185
[INFO] DISTRIBUTING EVENT : 193
[INFO] EVENT FINISHED : 192
[INFO] DISTRIBUTING EVENT : 194
[INFO] EVENT FINISHED : 194
[INFO] DISTRIBUTING EVENT : 195
[INFO] EVENT FINISHED : 186
[INFO] DISTRIBUTING EVENT : 196
[INFO] EVENT FINISHED : 193
[INFO] DISTRIBUTING EVENT : 197
[INFO] EVENT FINISHED : 191
[INFO] DISTRIBUTING EVENT : 198
[INFO] EVENT FINISHED : 187
[INFO] DISTRIBUTING EVENT : 199
[INFO] EVENT FINISHED : 189
[INFO] DISTRIBUTING EVENT : 200
[INFO] EVENT FINISHED : 188
[INFO] DISTRIBUTING EVENT : 201
[INFO] EVENT FINISHED : 190
[INFO] DISTRIBUTING EVENT : 202
[INFO] EVENT FINISHED : 197
[INFO] DISTRIBUTING EVENT : 203
[INFO] EVENT FINISHED : 200
[INFO] DISTRIBUTING EVENT : 204
[INFO] EVENT FINISHED : 204
[INFO] DISTRIBUTING EVENT : 205
[INFO] EVENT FINISHED : 195
[INFO] DISTRIBUTING EVENT : 206
[INFO] EVENT FINISHED : 199
[INFO] DISTRIBUTING EVENT : 207
[INFO] EVENT FINISHED : 198
[INFO] DISTRIBUTING EVENT : 208
[INFO] EVENT FINISHED : 196
[INFO] DISTRIBUTING EVENT : 209
[INFO] EVENT FINISHED : 201
[INFO] DISTRIBUTING EVENT : 210
[INFO] EVENT FINISHED : 202
[INFO] DISTRIBUTING EVENT : 211
[INFO] EVENT FINISHED : 211
[INFO] DISTRIBUTING EVENT : 212
[INFO] EVENT FINISHED : 210
[INFO] DISTRIBUTING EVENT : 213
[INFO] EVENT FINISHED : 208
[INFO] DISTRIBUTING EVENT : 214
[INFO] EVENT FINISHED : 207
[INFO] DISTRIBUTING EVENT : 215
[INFO] EVENT FINISHED : 205
[INFO] DISTRIBUTING EVENT : 216
[INFO] EVENT FINISHED : 209
[INFO] DISTRIBUTING EVENT : 217
[INFO] EVENT FINISHED : 215
[INFO] DISTRIBUTING EVENT : 218
[INFO] EVENT FINISHED : 203
[INFO] DISTRIBUTING EVENT : 219
[INFO] EVENT FINISHED : 217
[INFO] DISTRIBUTING EVENT : 220
[INFO] EVENT FINISHED : 206
[INFO] DISTRIBUTING EVENT : 221
[INFO] EVENT FINISHED : 212
[INFO] DISTRIBUTING EVENT : 222
[INFO] EVENT FINISHED : 216
[INFO] DISTRIBUTING EVENT : 223
[INFO] EVENT FINISHED : 223
[INFO] DISTRIBUTING EVENT : 224
[INFO] EVENT FINISHED : 213
[INFO] DISTRIBUTING EVENT : 225
[INFO] EVENT FINISHED : 222
[INFO] DISTRIBUTING EVENT : 226
[INFO] EVENT FINISHED : 218
[INFO] DISTRIBUTING EVENT : 227
[INFO] EVENT FINISHED : 227
[INFO] DISTRIBUTING EVENT : 228
[INFO] EVENT FINISHED : 220
[INFO] DISTRIBUTING EVENT : 229
[INFO] EVENT FINISHED : 214
[INFO] DISTRIBUTING EVENT : 230
[INFO] EVENT FINISHED : 221
[INFO] DISTRIBUTING EVENT : 231
[INFO] EVENT FINISHED : 224
[INFO] DISTRIBUTING EVENT : 232
[INFO] EVENT FINISHED : 219
[INFO] DISTRIBUTING EVENT : 233
[INFO] EVENT FINISHED : 228
[INFO] DISTRIBUTING EVENT : 234
[INFO] EVENT FINISHED : 230
[INFO] DISTRIBUTING EVENT : 235
[INFO] EVENT FINISHED : 225
[INFO] DISTRIBUTING EVENT : 236
[INFO] EVENT FINISHED : 226
[INFO] DISTRIBUTING EVENT : 237
[INFO] EVENT FINISHED : 229
[INFO] DISTRIBUTING EVENT : 238
[INFO] EVENT FINISHED : 237
[INFO] DISTRIBUTING EVENT : 239
[INFO] EVENT FINISHED : 231
[INFO] DISTRIBUTING EVENT : 240
[INFO] EVENT FINISHED : 236
[INFO] DISTRIBUTING EVENT : 241
[INFO] EVENT FINISHED : 233
[INFO] DISTRIBUTING EVENT : 242
[INFO] EVENT FINISHED : 239
[INFO] DISTRIBUTING EVENT : 243
[INFO] EVENT FINISHED : 234
[INFO] DISTRIBUTING EVENT : 244
[INFO] EVENT FINISHED : 235
[INFO] DISTRIBUTING EVENT : 245
[INFO] EVENT FINISHED : 232
[INFO] DISTRIBUTING EVENT : 246
[INFO] EVENT FINISHED : 244
[INFO] DISTRIBUTING EVENT : 247
[INFO] EVENT FINISHED : 240
[INFO] DISTRIBUTING EVENT : 248
[INFO] EVENT FINISHED : 246
[INFO] DISTRIBUTING EVENT : 249
[INFO] EVENT FINISHED : 241
[INFO] DISTRIBUTING EVENT : 250
[INFO] EVENT FINISHED : 249
[INFO] DISTRIBUTING EVENT : 251
[INFO] EVENT FINISHED : 238
[INFO] DISTRIBUTING EVENT : 252
[INFO] EVENT FINISHED : 251
[INFO] DISTRIBUTING EVENT : 253
[INFO] EVENT FINISHED : 247
[INFO] DISTRIBUTING EVENT : 254
[INFO] EVENT FINISHED : 243
[INFO] DISTRIBUTING EVENT : 255
[INFO] EVENT FINISHED : 254
[INFO] DISTRIBUTING EVENT : 256
[INFO] EVENT FINISHED : 242
[INFO] DISTRIBUTING EVENT : 257
[INFO] EVENT FINISHED : 255
[INFO] DISTRIBUTING EVENT : 258
[INFO] EVENT FINISHED : 248
[INFO] DISTRIBUTING EVENT : 259
[INFO] EVENT FINISHED : 245
[INFO] DISTRIBUTING EVENT : 260
[INFO] EVENT FINISHED : 256
[INFO] DISTRIBUTING EVENT : 261
[INFO] EVENT FINISHED : 257
[INFO] DISTRIBUTING EVENT : 262
[INFO] EVENT FINISHED : 260
[INFO] DISTRIBUTING EVENT : 263
[INFO] EVENT FINISHED : 250
[INFO] DISTRIBUTING EVENT : 264
[INFO] EVENT FINISHED : 258
[INFO] DISTRIBUTING EVENT : 265
[INFO] EVENT FINISHED : 261
[INFO] DISTRIBUTING EVENT : 266
[INFO] EVENT FINISHED : 253
[INFO] DISTRIBUTING EVENT : 267
[INFO] EVENT FINISHED : 264
[INFO] DISTRIBUTING EVENT : 268
[INFO] EVENT FINISHED : 252
[INFO] DISTRIBUTING EVENT : 269
[INFO] EVENT FINISHED : 268
[INFO] DISTRIBUTING EVENT : 270
[INFO] EVENT FINISHED : 259
[INFO] DISTRIBUTING EVENT : 271
[INFO] EVENT FINISHED : 262
[INFO] DISTRIBUTING EVENT : 272
[INFO] EVENT FINISHED : 272
[INFO] DISTRIBUTING EVENT : 273
[INFO] EVENT FINISHED : 266
[INFO] DISTRIBUTING EVENT : 274
[INFO] EVENT FINISHED : 270
[INFO] DISTRIBUTING EVENT : 275
[INFO] EVENT FINISHED : 263
[INFO] DISTRIBUTING EVENT : 276
[INFO] EVENT FINISHED : 269
[INFO] DISTRIBUTING EVENT : 277
[INFO] EVENT FINISHED : 276
[INFO] DISTRIBUTING EVENT : 278
[INFO] EVENT FINISHED : 271
[INFO] DISTRIBUTING EVENT : 279
[INFO] EVENT FINISHED : 275
[INFO] DISTRIBUTING EVENT : 280
[INFO] EVENT FINISHED : 273
[INFO] DISTRIBUTING EVENT : 281
[INFO] EVENT FINISHED : 277
[INFO] DISTRIBUTING EVENT : 282
[INFO] EVENT FINISHED : 265
[INFO] DISTRIBUTING EVENT : 283
[INFO] EVENT FINISHED : 278
[INFO] DISTRIBUTING EVENT : 284
[INFO] EVENT FINISHED : 267
[INFO] DISTRIBUTING EVENT : 285
[INFO] EVENT FINISHED : 282
[INFO] DISTRIBUTING EVENT : 286
[INFO] EVENT FINISHED : 274
[INFO] DISTRIBUTING EVENT : 287
[INFO] EVENT FINISHED : 280
[INFO] DISTRIBUTING EVENT : 288
[INFO] EVENT FINISHED : 285
[INFO] DISTRIBUTING EVENT : 289
[INFO] EVENT FINISHED : 279
[INFO] DISTRIBUTING EVENT : 290
[INFO] EVENT FINISHED : 281
[INFO] DISTRIBUTING EVENT : 291
[INFO] EVENT FINISHED : 283
[INFO] DISTRIBUTING EVENT : 292
[INFO] EVENT FINISHED : 284
[INFO] DISTRIBUTING EVENT : 293
[INFO] EVENT FINISHED : 291
[INFO] DISTRIBUTING EVENT : 294
[INFO] EVENT FINISHED : 289
[INFO] DISTRIBUTING EVENT : 295
[INFO] EVENT FINISHED : 286
[INFO] DISTRIBUTING EVENT : 296
[INFO] EVENT FINISHED : 287
[INFO] DISTRIBUTING EVENT : 297
[INFO] EVENT FINISHED : 293
[INFO] DISTRIBUTING EVENT : 298
[INFO] EVENT FINISHED : 290
[INFO] DISTRIBUTING EVENT : 299
[INFO] EVENT FINISHED : 294
[INFO] DISTRIBUTING EVENT : 300
[INFO] EVENT FINISHED : 288
[INFO] DISTRIBUTING EVENT : 301
[INFO] EVENT FINISHED : 299
[INFO] DISTRIBUTING EVENT : 302
[INFO] EVENT FINISHED : 302
[INFO] DISTRIBUTING EVENT : 303
[INFO] EVENT FINISHED : 298
[INFO] DISTRIBUTING EVENT : 304
[INFO] EVENT FINISHED : 296
[INFO] DISTRIBUTING EVENT : 305
[INFO] EVENT FINISHED : 292
[INFO] DISTRIBUTING EVENT : 306
[INFO] EVENT FINISHED : 300
[INFO] DISTRIBUTING EVENT : 307
[INFO] EVENT FINISHED : 295
[INFO] DISTRIBUTING EVENT : 308
[INFO] EVENT FINISHED : 297
[INFO] DISTRIBUTING EVENT : 309
[INFO] EVENT FINISHED : 301
[INFO] DISTRIBUTING EVENT : 310
[INFO] EVENT FINISHED : 307
[INFO] DISTRIBUTING EVENT : 311
[INFO] EVENT FINISHED : 309
[INFO] DISTRIBUTING EVENT : 312
[INFO] EVENT FINISHED : 303
[INFO] DISTRIBUTING EVENT : 313
[INFO] EVENT FINISHED : 311
[INFO] DISTRIBUTING EVENT : 314
[INFO] EVENT FINISHED : 304
[INFO] DISTRIBUTING EVENT : 315
[INFO] EVENT FINISHED : 306
[INFO] DISTRIBUTING EVENT : 316
[INFO] EVENT FINISHED : 316
[INFO] DISTRIBUTING EVENT : 317
[INFO] EVENT FINISHED : 308
[INFO] DISTRIBUTING EVENT : 318
[INFO] EVENT FINISHED : 305
[INFO] DISTRIBUTING EVENT : 319
[INFO] DISTRIBUTING EVENT : 320
[INFO] EVENT FINISHED : 319
[INFO] EVENT FINISHED : 317
[INFO] DISTRIBUTING EVENT : 321
[INFO] EVENT FINISHED : 315
[INFO] DISTRIBUTING EVENT : 322
[INFO] EVENT FINISHED : 313
[INFO] DISTRIBUTING EVENT : 323
[INFO] EVENT FINISHED : 310
[INFO] DISTRIBUTING EVENT : 324
[INFO] EVENT FINISHED : 312
[INFO] DISTRIBUTING EVENT : 325
[INFO] EVENT FINISHED : 325
[INFO] DISTRIBUTING EVENT : 326
[INFO] EVENT FINISHED : 326
[INFO] DISTRIBUTING EVENT : 327
[INFO] EVENT FINISHED : 314
[INFO] DISTRIBUTING EVENT : 328
[INFO] EVENT FINISHED : 321
[INFO] DISTRIBUTING EVENT : 329
[INFO] EVENT FINISHED : 320
[INFO] DISTRIBUTING EVENT : 330
[INFO] EVENT FINISHED : 324
[INFO] DISTRIBUTING EVENT : 331
[INFO] EVENT FINISHED : 318
[INFO] DISTRIBUTING EVENT : 332
[INFO] EVENT FINISHED : 330
[INFO] DISTRIBUTING EVENT : 333
[INFO] EVENT FINISHED : 322
[INFO] DISTRIBUTING EVENT : 334
[INFO] EVENT FINISHED : 323
[INFO] DISTRIBUTING EVENT : 335
[INFO] EVENT FINISHED : 329
[INFO] DISTRIBUTING EVENT : 336
[INFO] EVENT FINISHED : 327
[INFO] DISTRIBUTING EVENT : 337
[INFO] EVENT FINISHED : 333
[INFO] DISTRIBUTING EVENT : 338
[INFO] EVENT FINISHED : 328
[INFO] DISTRIBUTING EVENT : 339
[INFO] EVENT FINISHED : 331
[INFO] DISTRIBUTING EVENT : 340
[INFO] EVENT FINISHED : 334
[INFO] DISTRIBUTING EVENT : 341
[INFO] EVENT FINISHED : 340
[INFO] DISTRIBUTING EVENT : 342
[INFO] EVENT FINISHED : 332
[INFO] DISTRIBUTING EVENT : 343
[INFO] EVENT FINISHED : 337
[INFO] DISTRIBUTING EVENT : 344
[INFO] EVENT FINISHED : 342
[INFO] DISTRIBUTING EVENT : 345
[INFO] EVENT FINISHED : 335
[INFO] DISTRIBUTING EVENT : 346
[INFO] EVENT FINISHED : 336
[INFO] DISTRIBUTING EVENT : 347
[INFO] EVENT FINISHED : 339
[INFO] DISTRIBUTING EVENT : 348
[INFO] EVENT FINISHED : 345
[INFO] DISTRIBUTING EVENT : 349
[INFO] EVENT FINISHED : 341
[INFO] DISTRIBUTING EVENT : 350
[INFO] EVENT FINISHED : 338
[INFO] DISTRIBUTING EVENT : 351
[INFO] EVENT FINISHED : 346
[INFO] DISTRIBUTING EVENT : 352
[INFO] EVENT FINISHED : 347
[INFO] DISTRIBUTING EVENT : 353
[INFO] EVENT FINISHED : 344
[INFO] DISTRIBUTING EVENT : 354
[INFO] EVENT FINISHED : 353
[INFO] DISTRIBUTING EVENT : 355
[INFO] EVENT FINISHED : 349
[INFO] DISTRIBUTING EVENT : 356
[INFO] EVENT FINISHED : 343
[INFO] DISTRIBUTING EVENT : 357
[INFO] EVENT FINISHED : 352
[INFO] DISTRIBUTING EVENT : 358
[INFO] EVENT FINISHED : 358
[INFO] DISTRIBUTING EVENT : 359
[INFO] EVENT FINISHED : 351
[INFO] DISTRIBUTING EVENT : 360
[INFO] EVENT FINISHED : 350
[INFO] DISTRIBUTING EVENT : 361
[INFO] EVENT FINISHED : 348
[INFO] DISTRIBUTING EVENT : 362
[INFO] EVENT FINISHED : 354
[INFO] DISTRIBUTING EVENT : 363
[INFO] EVENT FINISHED : 360
[INFO] DISTRIBUTING EVENT : 364
[INFO] EVENT FINISHED : 359
[INFO] DISTRIBUTING EVENT : 365
[INFO] EVENT FINISHED : 355
[INFO] DISTRIBUTING EVENT : 366
[INFO] EVENT FINISHED : 356
[INFO] DISTRIBUTING EVENT : 367
[INFO] EVENT FINISHED : 362
[INFO] DISTRIBUTING EVENT : 368
[INFO] EVENT FINISHED : 357
[INFO] DISTRIBUTING EVENT : 369
[INFO] EVENT FINISHED : 366
[INFO] DISTRIBUTING EVENT : 370
[INFO] EVENT FINISHED : 363
[INFO] DISTRIBUTING EVENT : 371
[INFO] EVENT FINISHED : 361
[INFO] DISTRIBUTING EVENT : 372
[INFO] EVENT FINISHED : 365
[INFO] DISTRIBUTING EVENT : 373
[INFO] EVENT FINISHED : 364
[INFO] DISTRIBUTING EVENT : 374
[INFO] EVENT FINISHED : 368
[INFO] DISTRIBUTING EVENT : 375
[INFO] EVENT FINISHED : 371
[INFO] DISTRIBUTING EVENT : 376
[INFO] EVENT FINISHED : 370
[INFO] DISTRIBUTING EVENT : 377
[INFO] EVENT FINISHED : 374
[INFO] DISTRIBUTING EVENT : 378
[INFO] EVENT FINISHED : 378
[INFO] DISTRIBUTING EVENT : 379
[INFO] EVENT FINISHED : 369
[INFO] DISTRIBUTING EVENT : 380
[INFO] EVENT FINISHED : 373
[INFO] DISTRIBUTING EVENT : 381
[INFO] EVENT FINISHED : 381
[INFO] DISTRIBUTING EVENT : 382
[INFO] EVENT FINISHED : 367
[INFO] DISTRIBUTING EVENT : 383
[INFO] EVENT FINISHED : 372
[INFO] DISTRIBUTING EVENT : 384
[INFO] EVENT FINISHED : 379
[INFO] DISTRIBUTING EVENT : 385
[INFO] EVENT FINISHED : 376
[INFO] DISTRIBUTING EVENT : 386
[INFO] EVENT FINISHED : 384
[INFO] DISTRIBUTING EVENT : 387
[INFO] EVENT FINISHED : 377
[INFO] DISTRIBUTING EVENT : 388
[INFO] EVENT FINISHED : 385
[INFO] DISTRIBUTING EVENT : 389
[INFO] EVENT FINISHED : 389
[INFO] DISTRIBUTING EVENT : 390
[INFO] EVENT FINISHED : 375
[INFO] DISTRIBUTING EVENT : 391
[INFO] EVENT FINISHED : 382
[INFO] DISTRIBUTING EVENT : 392
[INFO] EVENT FINISHED : 386
[INFO] DISTRIBUTING EVENT : 393
[INFO] EVENT FINISHED : 387
[INFO] DISTRIBUTING EVENT : 394
[INFO] EVENT FINISHED : 380
[INFO] DISTRIBUTING EVENT : 395
[INFO] EVENT FINISHED : 383
[INFO] DISTRIBUTING EVENT : 396
[INFO] EVENT FINISHED : 392
[INFO] DISTRIBUTING EVENT : 397
[INFO] EVENT FINISHED : 396
[INFO] DISTRIBUTING EVENT : 398
[INFO] EVENT FINISHED : 393
[INFO] DISTRIBUTING EVENT : 399
[INFO] EVENT FINISHED : 388
[INFO] DISTRIBUTING EVENT : 400
[INFO] EVENT FINISHED : 391
[INFO] DISTRIBUTING EVENT : 401
[INFO] EVENT FINISHED : 397
[INFO] DISTRIBUTING EVENT : 402
[INFO] EVENT FINISHED : 394
[INFO] DISTRIBUTING EVENT : 403
[INFO] EVENT FINISHED : 390
[INFO] DISTRIBUTING EVENT : 404
[INFO] EVENT FINISHED : 400
[INFO] DISTRIBUTING EVENT : 405
[INFO] EVENT FINISHED : 395
[INFO] DISTRIBUTING EVENT : 406
[INFO] EVENT FINISHED : 405
[INFO] DISTRIBUTING EVENT : 407
[INFO] EVENT FINISHED : 398
[INFO] DISTRIBUTING EVENT : 408
[INFO] EVENT FINISHED : 399
[INFO] DISTRIBUTING EVENT : 409
[INFO] EVENT FINISHED : 403
[INFO] DISTRIBUTING EVENT : 410
[INFO] EVENT FINISHED : 410
[INFO] DISTRIBUTING EVENT : 411
[INFO] EVENT FINISHED : 402
[INFO] DISTRIBUTING EVENT : 412
[INFO] EVENT FINISHED : 401
[INFO] DISTRIBUTING EVENT : 413
[INFO] EVENT FINISHED : 412
[INFO] DISTRIBUTING EVENT : 414
[INFO] EVENT FINISHED : 404
[INFO] DISTRIBUTING EVENT : 415
[INFO] EVENT FINISHED : 411
[INFO] DISTRIBUTING EVENT : 416
[INFO] EVENT FINISHED : 414
[INFO] DISTRIBUTING EVENT : 417
[INFO] EVENT FINISHED : 407
[INFO] DISTRIBUTING EVENT : 418
[INFO] EVENT FINISHED : 409
[INFO] DISTRIBUTING EVENT : 419
[INFO] EVENT FINISHED : 406
[INFO] DISTRIBUTING EVENT : 420
[INFO] EVENT FINISHED : 420
[INFO] DISTRIBUTING EVENT : 421
[INFO] EVENT FINISHED : 416
[INFO] DISTRIBUTING EVENT : 422
[INFO] EVENT FINISHED : 408
[INFO] DISTRIBUTING EVENT : 423
[INFO] EVENT FINISHED : 413
[INFO] DISTRIBUTING EVENT : 424
[INFO] EVENT FINISHED : 415
[INFO] DISTRIBUTING EVENT : 425
[INFO] EVENT FINISHED : 424
[INFO] DISTRIBUTING EVENT : 426
[INFO] EVENT FINISHED : 423
[INFO] DISTRIBUTING EVENT : 427
[INFO] EVENT FINISHED : 419
[INFO] DISTRIBUTING EVENT : 428
[INFO] EVENT FINISHED : 422
[INFO] DISTRIBUTING EVENT : 429
[INFO] EVENT FINISHED : 418
[INFO] DISTRIBUTING EVENT : 430
[INFO] EVENT FINISHED : 417
[INFO] DISTRIBUTING EVENT : 431
[INFO] EVENT FINISHED : 426
[INFO] DISTRIBUTING EVENT : 432
[INFO] EVENT FINISHED : 430
[INFO] DISTRIBUTING EVENT : 433
[INFO] EVENT FINISHED : 429
[INFO] DISTRIBUTING EVENT : 434
[INFO] EVENT FINISHED : 425
[INFO] DISTRIBUTING EVENT : 435
[INFO] EVENT FINISHED : 432
[INFO] DISTRIBUTING EVENT : 436
[INFO] EVENT FINISHED : 421
[INFO] DISTRIBUTING EVENT : 437
[INFO] EVENT FINISHED : 433
[INFO] DISTRIBUTING EVENT : 438
[INFO] EVENT FINISHED : 428
[INFO] DISTRIBUTING EVENT : 439
[INFO] EVENT FINISHED : 431
[INFO] DISTRIBUTING EVENT : 440
[INFO] EVENT FINISHED : 427
[INFO] DISTRIBUTING EVENT : 441
[INFO] EVENT FINISHED : 438
[INFO] DISTRIBUTING EVENT : 442
[INFO] EVENT FINISHED : 441
[INFO] DISTRIBUTING EVENT : 443
[INFO] EVENT FINISHED : 434
[INFO] DISTRIBUTING EVENT : 444
[INFO] EVENT FINISHED : 444
[INFO] DISTRIBUTING EVENT : 445
[INFO] EVENT FINISHED : 442
[INFO] DISTRIBUTING EVENT : 446
[INFO] EVENT FINISHED : 436
[INFO] DISTRIBUTING EVENT : 447
[INFO] EVENT FINISHED : 439
[INFO] DISTRIBUTING EVENT : 448
[INFO] EVENT FINISHED : 443
[INFO] DISTRIBUTING EVENT : 449
[INFO] EVENT FINISHED : 449
[INFO] DISTRIBUTING EVENT : 450
[INFO] EVENT FINISHED : 440
[INFO] DISTRIBUTING EVENT : 451
[INFO] EVENT FINISHED : 437
[INFO] DISTRIBUTING EVENT : 452
[INFO] EVENT FINISHED : 435
[INFO] DISTRIBUTING EVENT : 453
[INFO] EVENT FINISHED : 445
[INFO] DISTRIBUTING EVENT : 454
[INFO] EVENT FINISHED : 453
[INFO] DISTRIBUTING EVENT : 455
[INFO] EVENT FINISHED : 448
[INFO] DISTRIBUTING EVENT : 456
[INFO] EVENT FINISHED : 450
[INFO] DISTRIBUTING EVENT : 457
[INFO] EVENT FINISHED : 447
[INFO] DISTRIBUTING EVENT : 458
[INFO] EVENT FINISHED : 446
[INFO] DISTRIBUTING EVENT : 459
[INFO] EVENT FINISHED : 455
[INFO] DISTRIBUTING EVENT : 460
[INFO] EVENT FINISHED : 454
[INFO] DISTRIBUTING EVENT : 461
[INFO] EVENT FINISHED : 460
[INFO] DISTRIBUTING EVENT : 462
[INFO] EVENT FINISHED : 451
[INFO] DISTRIBUTING EVENT : 463
[INFO] EVENT FINISHED : 452
[INFO] DISTRIBUTING EVENT : 464
[INFO] EVENT FINISHED : 461
[INFO] DISTRIBUTING EVENT : 465
[INFO] EVENT FINISHED : 458
[INFO] DISTRIBUTING EVENT : 466
[INFO] EVENT FINISHED : 464
[INFO] DISTRIBUTING EVENT : 467
[INFO] EVENT FINISHED : 459
[INFO] DISTRIBUTING EVENT : 468
[INFO] EVENT FINISHED : 467
[INFO] DISTRIBUTING EVENT : 469
[INFO] EVENT FINISHED : 456
[INFO] DISTRIBUTING EVENT : 470
[INFO] EVENT FINISHED : 462
[INFO] DISTRIBUTING EVENT : 471
[INFO] EVENT FINISHED : 457
[INFO] DISTRIBUTING EVENT : 472
[INFO] EVENT FINISHED : 465
[INFO] DISTRIBUTING EVENT : 473
[INFO] EVENT FINISHED : 470
[INFO] DISTRIBUTING EVENT : 474
[INFO] EVENT FINISHED : 463
[INFO] DISTRIBUTING EVENT : 475
[INFO] EVENT FINISHED : 466
[INFO] DISTRIBUTING EVENT : 476
[INFO] EVENT FINISHED : 471
[INFO] DISTRIBUTING EVENT : 477
[INFO] EVENT FINISHED : 469
[INFO] DISTRIBUTING EVENT : 478
[INFO] EVENT FINISHED : 468
[INFO] DISTRIBUTING EVENT : 479
[INFO] EVENT FINISHED : 475
[INFO] DISTRIBUTING EVENT : 480
[INFO] EVENT FINISHED : 474
[INFO] DISTRIBUTING EVENT : 481
[INFO] EVENT FINISHED : 472
[INFO] DISTRIBUTING EVENT : 482
[INFO] EVENT FINISHED : 476
[INFO] DISTRIBUTING EVENT : 483
[INFO] EVENT FINISHED : 479
[INFO] DISTRIBUTING EVENT : 484
[INFO] EVENT FINISHED : 473
[INFO] DISTRIBUTING EVENT : 485
[INFO] EVENT FINISHED : 477
[INFO] DISTRIBUTING EVENT : 486
[INFO] EVENT FINISHED : 478
[INFO] DISTRIBUTING EVENT : 487
[INFO] EVENT FINISHED : 480
[INFO] DISTRIBUTING EVENT : 488
[INFO] EVENT FINISHED : 484
[INFO] DISTRIBUTING EVENT : 489
[INFO] EVENT FINISHED : 487
[INFO] DISTRIBUTING EVENT : 490
[INFO] DISTRIBUTING EVENT : 491
[INFO] EVENT FINISHED : 490
[INFO] EVENT FINISHED : 483
[INFO] DISTRIBUTING EVENT : 492
[INFO] EVENT FINISHED : 486
[INFO] DISTRIBUTING EVENT : 493
[INFO] EVENT FINISHED : 488
[INFO] DISTRIBUTING EVENT : 494
[INFO] EVENT FINISHED : 485
[INFO] DISTRIBUTING EVENT : 495
[INFO] EVENT FINISHED : 481
[INFO] DISTRIBUTING EVENT : 496
[INFO] EVENT FINISHED : 482
[INFO] DISTRIBUTING EVENT : 497
[INFO] EVENT FINISHED : 489
[INFO] DISTRIBUTING EVENT : 498
[INFO] EVENT FINISHED : 498
[INFO] DISTRIBUTING EVENT : 499
[INFO] EVENT FINISHED : 496
[INFO] DISTRIBUTING EVENT : 500
[INFO] EVENT FINISHED : 492
[INFO] DISTRIBUTING EVENT : 501
[INFO] EVENT FINISHED : 495
[INFO] DISTRIBUTING EVENT : 502
[INFO] EVENT FINISHED : 493
[INFO] DISTRIBUTING EVENT : 503
[INFO] EVENT FINISHED : 494
[INFO] DISTRIBUTING EVENT : 504
[INFO] EVENT FINISHED : 499
[INFO] DISTRIBUTING EVENT : 505
[INFO] EVENT FINISHED : 491
[INFO] DISTRIBUTING EVENT : 506
[INFO] EVENT FINISHED : 506
[INFO] DISTRIBUTING EVENT : 507
[INFO] EVENT FINISHED : 501
[INFO] DISTRIBUTING EVENT : 508
[INFO] EVENT FINISHED : 503
[INFO] DISTRIBUTING EVENT : 509
[INFO] EVENT FINISHED : 502
[INFO] DISTRIBUTING EVENT : 510
[INFO] EVENT FINISHED : 497
[INFO] DISTRIBUTING EVENT : 511
[INFO] EVENT FINISHED : 509
[INFO] DISTRIBUTING EVENT : 512
[INFO] EVENT FINISHED : 512
[INFO] DISTRIBUTING EVENT : 513
[INFO] EVENT FINISHED : 500
[INFO] DISTRIBUTING EVENT : 514
[INFO] EVENT FINISHED : 511
[INFO] DISTRIBUTING EVENT : 515
[INFO] EVENT FINISHED : 504
[INFO] DISTRIBUTING EVENT : 516
[INFO] EVENT FINISHED : 505
[INFO] DISTRIBUTING EVENT : 517
[INFO] EVENT FINISHED : 508
[INFO] DISTRIBUTING EVENT : 518
[INFO] EVENT FINISHED : 510
[INFO] DISTRIBUTING EVENT : 519
[INFO] EVENT FINISHED : 507
[INFO] DISTRIBUTING EVENT : 520
[INFO] EVENT FINISHED : 513
[INFO] DISTRIBUTING EVENT : 521
[INFO] EVENT FINISHED : 516
[INFO] DISTRIBUTING EVENT : 522
[INFO] EVENT FINISHED : 518
[INFO] DISTRIBUTING EVENT : 523
[INFO] EVENT FINISHED : 514
[INFO] DISTRIBUTING EVENT : 524
[INFO] EVENT FINISHED : 520
[INFO] DISTRIBUTING EVENT : 525
[INFO] EVENT FINISHED : 519
[INFO] DISTRIBUTING EVENT : 526
[INFO] EVENT FINISHED : 525
[INFO] DISTRIBUTING EVENT : 527
[INFO] EVENT FINISHED : 523
[INFO] DISTRIBUTING EVENT : 528
[INFO] EVENT FINISHED : 515
[INFO] DISTRIBUTING EVENT : 529
[INFO] EVENT FINISHED : 517
[INFO] DISTRIBUTING EVENT : 530
[INFO] EVENT FINISHED : 522
[INFO] DISTRIBUTING EVENT : 531
[INFO] EVENT FINISHED : 526
[INFO] DISTRIBUTING EVENT : 532
[INFO] EVENT FINISHED : 524
[INFO] DISTRIBUTING EVENT : 533
[INFO] EVENT FINISHED : 521
[INFO] DISTRIBUTING EVENT : 534
[INFO] EVENT FINISHED : 532
[INFO] DISTRIBUTING EVENT : 535
[INFO] EVENT FINISHED : 531
[INFO] DISTRIBUTING EVENT : 536
[INFO] EVENT FINISHED : 535
[INFO] DISTRIBUTING EVENT : 537
[INFO] EVENT FINISHED : 527
[INFO] DISTRIBUTING EVENT : 538
[INFO] EVENT FINISHED : 530
[INFO] DISTRIBUTING EVENT : 539
[INFO] EVENT FINISHED : 529
[INFO] DISTRIBUTING EVENT : 540
[INFO] EVENT FINISHED : 539
[INFO] DISTRIBUTING EVENT : 541
[INFO] EVENT FINISHED : 540
[INFO] DISTRIBUTING EVENT : 542
[INFO] EVENT FINISHED : 534
[INFO] DISTRIBUTING EVENT : 543
[INFO] EVENT FINISHED : 528
[INFO] DISTRIBUTING EVENT : 544
[INFO] EVENT FINISHED : 533
[INFO] DISTRIBUTING EVENT : 545
[INFO] EVENT FINISHED : 545
[INFO] DISTRIBUTING EVENT : 546
[INFO] EVENT FINISHED : 541
[INFO] DISTRIBUTING EVENT : 547
[INFO] EVENT FINISHED : 536
[INFO] DISTRIBUTING EVENT : 548
[INFO] EVENT FINISHED : 538
[INFO] DISTRIBUTING EVENT : 549
[INFO] EVENT FINISHED : 537
[INFO] DISTRIBUTING EVENT : 550
[INFO] EVENT FINISHED : 550
[INFO] DISTRIBUTING EVENT : 551
[INFO] EVENT FINISHED : 543
[INFO] DISTRIBUTING EVENT : 552
[INFO] EVENT FINISHED : 552
[INFO] DISTRIBUTING EVENT : 553
[INFO] EVENT FINISHED : 548
[INFO] DISTRIBUTING EVENT : 554
[INFO] EVENT FINISHED : 544
[INFO] DISTRIBUTING EVENT : 555
[INFO] EVENT FINISHED : 546
[INFO] DISTRIBUTING EVENT : 556
[INFO] EVENT FINISHED : 547
[INFO] DISTRIBUTING EVENT : 557
[INFO] EVENT FINISHED : 542
[INFO] DISTRIBUTING EVENT : 558
[INFO] EVENT FINISHED : 549
[INFO] DISTRIBUTING EVENT : 559
[INFO] EVENT FINISHED : 555
[INFO] DISTRIBUTING EVENT : 560
[INFO] EVENT FINISHED : 551
[INFO] DISTRIBUTING EVENT : 561
[INFO] EVENT FINISHED : 556
[INFO] DISTRIBUTING EVENT : 562
[INFO] EVENT FINISHED : 554
[INFO] DISTRIBUTING EVENT : 563
[INFO] EVENT FINISHED : 557
[INFO] DISTRIBUTING EVENT : 564
[INFO] EVENT FINISHED : 564
[INFO] DISTRIBUTING EVENT : 565
[INFO] EVENT FINISHED : 553
[INFO] DISTRIBUTING EVENT : 566
[INFO] EVENT FINISHED : 560
[INFO] DISTRIBUTING EVENT : 567
[INFO] EVENT FINISHED : 565
[INFO] DISTRIBUTING EVENT : 568
[INFO] EVENT FINISHED : 559
[INFO] DISTRIBUTING EVENT : 569
[INFO] EVENT FINISHED : 566
[INFO] DISTRIBUTING EVENT : 570
[INFO] EVENT FINISHED : 558
[INFO] DISTRIBUTING EVENT : 571
[INFO] EVENT FINISHED : 571
[INFO] DISTRIBUTING EVENT : 572
[INFO] EVENT FINISHED : 561
[INFO] DISTRIBUTING EVENT : 573
[INFO] EVENT FINISHED : 563
[INFO] DISTRIBUTING EVENT : 574
[INFO] EVENT FINISHED : 574
[INFO] DISTRIBUTING EVENT : 575
[INFO] EVENT FINISHED : 562
[INFO] DISTRIBUTING EVENT : 576
[INFO] EVENT FINISHED : 569
[INFO] DISTRIBUTING EVENT : 577
[INFO] EVENT FINISHED : 575
[INFO] DISTRIBUTING EVENT : 578
[INFO] EVENT FINISHED : 567
[INFO] DISTRIBUTING EVENT : 579
[INFO] EVENT FINISHED : 568
[INFO] DISTRIBUTING EVENT : 580
[INFO] EVENT FINISHED : 578
[INFO] DISTRIBUTING EVENT : 581
[INFO] EVENT FINISHED : 580
[INFO] DISTRIBUTING EVENT : 582
[INFO] EVENT FINISHED : 570
[INFO] DISTRIBUTING EVENT : 583
[INFO] EVENT FINISHED : 573
[INFO] DISTRIBUTING EVENT : 584
[INFO] EVENT FINISHED : 582
[INFO] DISTRIBUTING EVENT : 585
[INFO] EVENT FINISHED : 572
[INFO] DISTRIBUTING EVENT : 586
[INFO] EVENT FINISHED : 579
[INFO] DISTRIBUTING EVENT : 587
[INFO] EVENT FINISHED : 587
[INFO] DISTRIBUTING EVENT : 588
[INFO] EVENT FINISHED : 577
[INFO] DISTRIBUTING EVENT : 589
[INFO] EVENT FINISHED : 576
[INFO] DISTRIBUTING EVENT : 590
[INFO] EVENT FINISHED : 584
[INFO] DISTRIBUTING EVENT : 591
[INFO] EVENT FINISHED : 585
[INFO] DISTRIBUTING EVENT : 592
[INFO] EVENT FINISHED : 581
[INFO] DISTRIBUTING EVENT : 593
[INFO] EVENT FINISHED : 583
[INFO] DISTRIBUTING EVENT : 594
[INFO] EVENT FINISHED : 590
[INFO] DISTRIBUTING EVENT : 595
[INFO] EVENT FINISHED : 592
[INFO] DISTRIBUTING EVENT : 596
[INFO] EVENT FINISHED : 586
[INFO] DISTRIBUTING EVENT : 597
[INFO] EVENT FINISHED : 588
[INFO] DISTRIBUTING EVENT : 598
[INFO] EVENT FINISHED : 589
[INFO] DISTRIBUTING EVENT : 599
[INFO] EVENT FINISHED : 593
[INFO] DISTRIBUTING EVENT : 600
[INFO] EVENT FINISHED : 591
[INFO] DISTRIBUTING EVENT : 601
[INFO] EVENT FINISHED : 597
[INFO] DISTRIBUTING EVENT : 602
[INFO] EVENT FINISHED : 594
[INFO] DISTRIBUTING EVENT : 603
[INFO] EVENT FINISHED : 603
[INFO] DISTRIBUTING EVENT : 604
[INFO] EVENT FINISHED : 598
[INFO] DISTRIBUTING EVENT : 605
[INFO] EVENT FINISHED : 595
[INFO] DISTRIBUTING EVENT : 606
[INFO] EVENT FINISHED : 596
[INFO] DISTRIBUTING EVENT : 607
[INFO] EVENT FINISHED : 600
[INFO] DISTRIBUTING EVENT : 608
[INFO] EVENT FINISHED : 601
[INFO] DISTRIBUTING EVENT : 609
[INFO] EVENT FINISHED : 599
[INFO] DISTRIBUTING EVENT : 610
[INFO] EVENT FINISHED : 607
[INFO] DISTRIBUTING EVENT : 611
[INFO] EVENT FINISHED : 605
[INFO] DISTRIBUTING EVENT : 612
[INFO] EVENT FINISHED : 602
[INFO] DISTRIBUTING EVENT : 613
[INFO] EVENT FINISHED : 609
[INFO] DISTRIBUTING EVENT : 614
[INFO] EVENT FINISHED : 606
[INFO] DISTRIBUTING EVENT : 615
[INFO] EVENT FINISHED : 613
[INFO] DISTRIBUTING EVENT : 616
[INFO] EVENT FINISHED : 608
[INFO] DISTRIBUTING EVENT : 617
[INFO] EVENT FINISHED : 604
[INFO] DISTRIBUTING EVENT : 618
[INFO] EVENT FINISHED : 616
[INFO] DISTRIBUTING EVENT : 619
[INFO] EVENT FINISHED : 614
[INFO] DISTRIBUTING EVENT : 620
[INFO] EVENT FINISHED : 610
[INFO] DISTRIBUTING EVENT : 621
[INFO] EVENT FINISHED : 618
[INFO] DISTRIBUTING EVENT : 622
[INFO] EVENT FINISHED : 611
[INFO] DISTRIBUTING EVENT : 623
[INFO] EVENT FINISHED : 615
[INFO] DISTRIBUTING EVENT : 624
[INFO] EVENT FINISHED : 612
[INFO] DISTRIBUTING EVENT : 625
[INFO] EVENT FINISHED : 617
[INFO] DISTRIBUTING EVENT : 626
[INFO] EVENT FINISHED : 620
[INFO] DISTRIBUTING EVENT : 627
[INFO] EVENT FINISHED : 622
[INFO] DISTRIBUTING EVENT : 628
[INFO] EVENT FINISHED : 621
[INFO] DISTRIBUTING EVENT : 629
[INFO] EVENT FINISHED : 623
[INFO] DISTRIBUTING EVENT : 630
[INFO] EVENT FINISHED : 626
[INFO] DISTRIBUTING EVENT : 631
[INFO] EVENT FINISHED : 619
[INFO] DISTRIBUTING EVENT : 632
[INFO] EVENT FINISHED : 630
[INFO] DISTRIBUTING EVENT : 633
[INFO] EVENT FINISHED : 627
[INFO] DISTRIBUTING EVENT : 634
[INFO] EVENT FINISHED : 634
[INFO] DISTRIBUTING EVENT : 635
[INFO] EVENT FINISHED : 624
[INFO] DISTRIBUTING EVENT : 636
[INFO] EVENT FINISHED : 625
[INFO] DISTRIBUTING EVENT : 637
[INFO] EVENT FINISHED : 632
[INFO] DISTRIBUTING EVENT : 638
[INFO] EVENT FINISHED : 638
[INFO] DISTRIBUTING EVENT : 639
[INFO] EVENT FINISHED : 628
[INFO] DISTRIBUTING EVENT : 640
[INFO] EVENT FINISHED : 629
[INFO] DISTRIBUTING EVENT : 641
[INFO] EVENT FINISHED : 639
[INFO] DISTRIBUTING EVENT : 642
[INFO] EVENT FINISHED : 631
[INFO] DISTRIBUTING EVENT : 643
[INFO] EVENT FINISHED : 637
[INFO] DISTRIBUTING EVENT : 644
[INFO] EVENT FINISHED : 636
[INFO] DISTRIBUTING EVENT : 645
[INFO] EVENT FINISHED : 633
[INFO] DISTRIBUTING EVENT : 646
[INFO] EVENT FINISHED : 635
[INFO] DISTRIBUTING EVENT : 647
[INFO] EVENT FINISHED : 646
[INFO] DISTRIBUTING EVENT : 648
[INFO] EVENT FINISHED : 644
[INFO] DISTRIBUTING EVENT : 649
[INFO] EVENT FINISHED : 647
[INFO] DISTRIBUTING EVENT : 650
[INFO] EVENT FINISHED : 641
[INFO] DISTRIBUTING EVENT : 651
[INFO] EVENT FINISHED : 640
[INFO] DISTRIBUTING EVENT : 652
[INFO] EVENT FINISHED : 643
[INFO] DISTRIBUTING EVENT : 653
[INFO] EVENT FINISHED : 645
[INFO] DISTRIBUTING EVENT : 654
[INFO] EVENT FINISHED : 654
[INFO] DISTRIBUTING EVENT : 655
[INFO] DISTRIBUTING EVENT : 656
[INFO] EVENT FINISHED : 655
[INFO] EVENT FINISHED : 642
[INFO] DISTRIBUTING EVENT : 657
[INFO] EVENT FINISHED : 650
[INFO] DISTRIBUTING EVENT : 658
[INFO] EVENT FINISHED : 648
[INFO] DISTRIBUTING EVENT : 659
[INFO] EVENT FINISHED : 658
[INFO] DISTRIBUTING EVENT : 660
[INFO] EVENT FINISHED : 651
[INFO] DISTRIBUTING EVENT : 661
[INFO] EVENT FINISHED : 649
[INFO] DISTRIBUTING EVENT : 662
[INFO] EVENT FINISHED : 652
[INFO] DISTRIBUTING EVENT : 663
[INFO] EVENT FINISHED : 659
[INFO] DISTRIBUTING EVENT : 664
[INFO] EVENT FINISHED : 653
[INFO] DISTRIBUTING EVENT : 665
[INFO] EVENT FINISHED : 660
[INFO] DISTRIBUTING EVENT : 666
[INFO] EVENT FINISHED : 656
[INFO] DISTRIBUTING EVENT : 667
[INFO] EVENT FINISHED : 661
[INFO] DISTRIBUTING EVENT : 668
[INFO] EVENT FINISHED : 667
[INFO] DISTRIBUTING EVENT : 669
[INFO] EVENT FINISHED : 664
[INFO] DISTRIBUTING EVENT : 670
[INFO] EVENT FINISHED : 657
[INFO] DISTRIBUTING EVENT : 671
[INFO] EVENT FINISHED : 662
[INFO] DISTRIBUTING EVENT : 672
[INFO] EVENT FINISHED : 666
[INFO] DISTRIBUTING EVENT : 673
[INFO] EVENT FINISHED : 671
[INFO] DISTRIBUTING EVENT : 674
[INFO] EVENT FINISHED : 665
[INFO] DISTRIBUTING EVENT : 675
[INFO] EVENT FINISHED : 668
[INFO] DISTRIBUTING EVENT : 676
[INFO] EVENT FINISHED : 672
[INFO] DISTRIBUTING EVENT : 677
[INFO] EVENT FINISHED : 663
[INFO] DISTRIBUTING EVENT : 678
[INFO] EVENT FINISHED : 675
[INFO] DISTRIBUTING EVENT : 679
[INFO] EVENT FINISHED : 669
[INFO] DISTRIBUTING EVENT : 680
[INFO] EVENT FINISHED : 670
[INFO] DISTRIBUTING EVENT : 681
[INFO] EVENT FINISHED : 673
[INFO] DISTRIBUTING EVENT : 682
[INFO] EVENT FINISHED : 679
[INFO] DISTRIBUTING EVENT : 683
[INFO] DISTRIBUTING EVENT : 684
[INFO] EVENT FINISHED : 683
[INFO] EVENT FINISHED : 681
[INFO] DISTRIBUTING EVENT : 685
[INFO] EVENT FINISHED : 674
[INFO] DISTRIBUTING EVENT : 686
[INFO] EVENT FINISHED : 680
[INFO] DISTRIBUTING EVENT : 687
[INFO] EVENT FINISHED : 686
[INFO] DISTRIBUTING EVENT : 688
[INFO] EVENT FINISHED : 678
[INFO] DISTRIBUTING EVENT : 689
[INFO] EVENT FINISHED : 682
[INFO] DISTRIBUTING EVENT : 690
[INFO] EVENT FINISHED : 685
[INFO] DISTRIBUTING EVENT : 691
[INFO] EVENT FINISHED : 677
[INFO] DISTRIBUTING EVENT : 692
[INFO] EVENT FINISHED : 690
[INFO] DISTRIBUTING EVENT : 693
[INFO] EVENT FINISHED : 676
[INFO] DISTRIBUTING EVENT : 694
[INFO] EVENT FINISHED : 687
[INFO] DISTRIBUTING EVENT : 695
[INFO] EVENT FINISHED : 684
[INFO] DISTRIBUTING EVENT : 696
[INFO] EVENT FINISHED : 689
[INFO] DISTRIBUTING EVENT : 697
[INFO] EVENT FINISHED : 691
[INFO] DISTRIBUTING EVENT : 698
[INFO] EVENT FINISHED : 697
[INFO] DISTRIBUTING EVENT : 699
[INFO] EVENT FINISHED : 699
[INFO] DISTRIBUTING EVENT : 700
[INFO] EVENT FINISHED : 693
[INFO] DISTRIBUTING EVENT : 701
[INFO] EVENT FINISHED : 701
[INFO] DISTRIBUTING EVENT : 702
[INFO] EVENT FINISHED : 688
[INFO] DISTRIBUTING EVENT : 703
[INFO] EVENT FINISHED : 703
[INFO] DISTRIBUTING EVENT : 704
[INFO] EVENT FINISHED : 694
[INFO] DISTRIBUTING EVENT : 705
[INFO] EVENT FINISHED : 692
[INFO] DISTRIBUTING EVENT : 706
[INFO] EVENT FINISHED : 705
[INFO] DISTRIBUTING EVENT : 707
[INFO] EVENT FINISHED : 696
[INFO] DISTRIBUTING EVENT : 708
[INFO] EVENT FINISHED : 702
[INFO] DISTRIBUTING EVENT : 709
[INFO] EVENT FINISHED : 698
[INFO] DISTRIBUTING EVENT : 710
[INFO] EVENT FINISHED : 709
[INFO] DISTRIBUTING EVENT : 711
[INFO] EVENT FINISHED : 710
[INFO] DISTRIBUTING EVENT : 712
[INFO] EVENT FINISHED : 695
[INFO] DISTRIBUTING EVENT : 713
[INFO] EVENT FINISHED : 712
[INFO] DISTRIBUTING EVENT : 714
[INFO] EVENT FINISHED : 706
[INFO] DISTRIBUTING EVENT : 715
[INFO] EVENT FINISHED : 700
[INFO] DISTRIBUTING EVENT : 716
[INFO] EVENT FINISHED : 716
[INFO] DISTRIBUTING EVENT : 717
[INFO] EVENT FINISHED : 704
[INFO] DISTRIBUTING EVENT : 718
[INFO] EVENT FINISHED : 707
[INFO] DISTRIBUTING EVENT : 719
[INFO] EVENT FINISHED : 718
[INFO] DISTRIBUTING EVENT : 720
[INFO] EVENT FINISHED : 708
[INFO] DISTRIBUTING EVENT : 721
[INFO] EVENT FINISHED : 713
[INFO] DISTRIBUTING EVENT : 722
[INFO] EVENT FINISHED : 717
[INFO] DISTRIBUTING EVENT : 723
[INFO] EVENT FINISHED : 711
[INFO] DISTRIBUTING EVENT : 724
[INFO] EVENT FINISHED : 722
[INFO] DISTRIBUTING EVENT : 725
[INFO] EVENT FINISHED : 725
[INFO] DISTRIBUTING EVENT : 726
[INFO] EVENT FINISHED : 721
[INFO] DISTRIBUTING EVENT : 727
[INFO] EVENT FINISHED : 715
[INFO] DISTRIBUTING EVENT : 728
[INFO] EVENT FINISHED : 726
[INFO] DISTRIBUTING EVENT : 729
[INFO] EVENT FINISHED : 723
[INFO] DISTRIBUTING EVENT : 730
[INFO] EVENT FINISHED : 714
[INFO] DISTRIBUTING EVENT : 731
[INFO] EVENT FINISHED : 731
[INFO] DISTRIBUTING EVENT : 732
[INFO] EVENT FINISHED : 724
[INFO] DISTRIBUTING EVENT : 733
[INFO] EVENT FINISHED : 720
[INFO] DISTRIBUTING EVENT : 734
[INFO] EVENT FINISHED : 732
[INFO] DISTRIBUTING EVENT : 735
[INFO] EVENT FINISHED : 719
[INFO] DISTRIBUTING EVENT : 736
[INFO] EVENT FINISHED : 729
[INFO] DISTRIBUTING EVENT : 737
[INFO] EVENT FINISHED : 728
[INFO] DISTRIBUTING EVENT : 738
[INFO] EVENT FINISHED : 734
[INFO] DISTRIBUTING EVENT : 739
[INFO] EVENT FINISHED : 727
[INFO] DISTRIBUTING EVENT : 740
[INFO] EVENT FINISHED : 733
[INFO] DISTRIBUTING EVENT : 741
[INFO] EVENT FINISHED : 735
[INFO] DISTRIBUTING EVENT : 742
[INFO] EVENT FINISHED : 742
[INFO] DISTRIBUTING EVENT : 743
[INFO] EVENT FINISHED : 730
[INFO] DISTRIBUTING EVENT : 744
[INFO] EVENT FINISHED : 738
[INFO] DISTRIBUTING EVENT : 745
[INFO] EVENT FINISHED : 739
[INFO] DISTRIBUTING EVENT : 746
[INFO] EVENT FINISHED : 743
[INFO] DISTRIBUTING EVENT : 747
[INFO] EVENT FINISHED : 737
[INFO] DISTRIBUTING EVENT : 748
[INFO] EVENT FINISHED : 746
[INFO] DISTRIBUTING EVENT : 749
[INFO] EVENT FINISHED : 736
[INFO] DISTRIBUTING EVENT : 750
[INFO] EVENT FINISHED : 749
[INFO] DISTRIBUTING EVENT : 751
[INFO] EVENT FINISHED : 740
[INFO] DISTRIBUTING EVENT : 752
[INFO] EVENT FINISHED : 741
[INFO] DISTRIBUTING EVENT : 753
[INFO] EVENT FINISHED : 751
[INFO] DISTRIBUTING EVENT : 754
[INFO] EVENT FINISHED : 747
[INFO] DISTRIBUTING EVENT : 755
[INFO] EVENT FINISHED : 745
[INFO] DISTRIBUTING EVENT : 756
[INFO] EVENT FINISHED : 755
[INFO] DISTRIBUTING EVENT : 757
[INFO] EVENT FINISHED : 750
[INFO] DISTRIBUTING EVENT : 758
[INFO] EVENT FINISHED : 748
[INFO] DISTRIBUTING EVENT : 759
[INFO] EVENT FINISHED : 744
[INFO] DISTRIBUTING EVENT : 760
[INFO] EVENT FINISHED : 758
[INFO] DISTRIBUTING EVENT : 761
[INFO] EVENT FINISHED : 752
[INFO] DISTRIBUTING EVENT : 762
[INFO] EVENT FINISHED : 757
[INFO] DISTRIBUTING EVENT : 763
[INFO] EVENT FINISHED : 753
[INFO] DISTRIBUTING EVENT : 764
[INFO] EVENT FINISHED : 764
[INFO] DISTRIBUTING EVENT : 765
[INFO] EVENT FINISHED : 756
[INFO] DISTRIBUTING EVENT : 766
[INFO] EVENT FINISHED : 761
[INFO] DISTRIBUTING EVENT : 767
[INFO] EVENT FINISHED : 754
[INFO] DISTRIBUTING EVENT : 768
[INFO] EVENT FINISHED : 763
[INFO] DISTRIBUTING EVENT : 769
[INFO] EVENT FINISHED : 759
[INFO] DISTRIBUTING EVENT : 770
[INFO] EVENT FINISHED : 765
[INFO] DISTRIBUTING EVENT : 771
[INFO] EVENT FINISHED : 769
[INFO] DISTRIBUTING EVENT : 772
[INFO] EVENT FINISHED : 762
[INFO] DISTRIBUTING EVENT : 773
[INFO] EVENT FINISHED : 771
[INFO] DISTRIBUTING EVENT : 774
[INFO] EVENT FINISHED : 766
[INFO] DISTRIBUTING EVENT : 775
[INFO] EVENT FINISHED : 760
[INFO] DISTRIBUTING EVENT : 776
[INFO] EVENT FINISHED : 773
[INFO] DISTRIBUTING EVENT : 777
[INFO] EVENT FINISHED : 768
[INFO] DISTRIBUTING EVENT : 778
[INFO] EVENT FINISHED : 776
[INFO] DISTRIBUTING EVENT : 779
[INFO] EVENT FINISHED : 767
[INFO] DISTRIBUTING EVENT : 780
[INFO] EVENT FINISHED : 770
[INFO] DISTRIBUTING EVENT : 781
[INFO] EVENT FINISHED : 774
[INFO] DISTRIBUTING EVENT : 782
[INFO] EVENT FINISHED : 778
[INFO] DISTRIBUTING EVENT : 783
[INFO] EVENT FINISHED : 782
[INFO] DISTRIBUTING EVENT : 784
[INFO] EVENT FINISHED : 775
[INFO] DISTRIBUTING EVENT : 785
[INFO] EVENT FINISHED : 772
[INFO] DISTRIBUTING EVENT : 786
[INFO] EVENT FINISHED : 777
[INFO] DISTRIBUTING EVENT : 787
[INFO] EVENT FINISHED : 779
[INFO] DISTRIBUTING EVENT : 788
[INFO] EVENT FINISHED : 781
[INFO] DISTRIBUTING EVENT : 789
[INFO] EVENT FINISHED : 786
[INFO] DISTRIBUTING EVENT : 790
[INFO] EVENT FINISHED : 780
[INFO] DISTRIBUTING EVENT : 791
[INFO] EVENT FINISHED : 784
[INFO] DISTRIBUTING EVENT : 792
[INFO] EVENT FINISHED : 783
[INFO] DISTRIBUTING EVENT : 793
[INFO] EVENT FINISHED : 787
[INFO] DISTRIBUTING EVENT : 794
[INFO] EVENT FINISHED : 785
[INFO] DISTRIBUTING EVENT : 795
[INFO] EVENT FINISHED : 794
[INFO] DISTRIBUTING EVENT : 796
[INFO] EVENT FINISHED : 789
[INFO] DISTRIBUTING EVENT : 797
[INFO] EVENT FINISHED : 796
[INFO] DISTRIBUTING EVENT : 798
[INFO] EVENT FINISHED : 792
[INFO] DISTRIBUTING EVENT : 799
[INFO] EVENT FINISHED : 788
[INFO] DISTRIBUTING EVENT : 800
[INFO] EVENT FINISHED : 790
[INFO] DISTRIBUTING EVENT : 801
[INFO] EVENT FINISHED : 795
[INFO] DISTRIBUTING EVENT : 802
[INFO] EVENT FINISHED : 793
[INFO] DISTRIBUTING EVENT : 803
[INFO] EVENT FINISHED : 791
[INFO] DISTRIBUTING EVENT : 804
[INFO] EVENT FINISHED : 797
[INFO] DISTRIBUTING EVENT : 805
[INFO] EVENT FINISHED : 800
[INFO] DISTRIBUTING EVENT : 806
[INFO] EVENT FINISHED : 799
[INFO] DISTRIBUTING EVENT : 807
[INFO] EVENT FINISHED : 804
[INFO] DISTRIBUTING EVENT : 808
[INFO] EVENT FINISHED : 807
[INFO] DISTRIBUTING EVENT : 809
[INFO] EVENT FINISHED : 802
[INFO] DISTRIBUTING EVENT : 810
[INFO] EVENT FINISHED : 798
[INFO] DISTRIBUTING EVENT : 811
[INFO] EVENT FINISHED : 811
[INFO] DISTRIBUTING EVENT : 812
[INFO] EVENT FINISHED : 801
[INFO] DISTRIBUTING EVENT : 813
[INFO] EVENT FINISHED : 805
[INFO] DISTRIBUTING EVENT : 814
[INFO] EVENT FINISHED : 803
[INFO] DISTRIBUTING EVENT : 815
[INFO] EVENT FINISHED : 813
[INFO] DISTRIBUTING EVENT : 816
[INFO] EVENT FINISHED : 814
[INFO] DISTRIBUTING EVENT : 817
[INFO] EVENT FINISHED : 809
[INFO] DISTRIBUTING EVENT : 818
[INFO] EVENT FINISHED : 808
[INFO] DISTRIBUTING EVENT : 819
[INFO] EVENT FINISHED : 806
[INFO] DISTRIBUTING EVENT : 820
[INFO] EVENT FINISHED : 817
[INFO] DISTRIBUTING EVENT : 821
[INFO] EVENT FINISHED : 810
[INFO] DISTRIBUTING EVENT : 822
[INFO] EVENT FINISHED : 815
[INFO] DISTRIBUTING EVENT : 823
[INFO] EVENT FINISHED : 818
[INFO] DISTRIBUTING EVENT : 824
[INFO] EVENT FINISHED : 812
[INFO] DISTRIBUTING EVENT : 825
[INFO] EVENT FINISHED : 816
[INFO] DISTRIBUTING EVENT : 826
[INFO] EVENT FINISHED : 823
[INFO] DISTRIBUTING EVENT : 827
[INFO] EVENT FINISHED : 819
[INFO] DISTRIBUTING EVENT : 828
[INFO] EVENT FINISHED : 820
[INFO] DISTRIBUTING EVENT : 829
[INFO] EVENT FINISHED : 821
[INFO] DISTRIBUTING EVENT : 830
[INFO] EVENT FINISHED : 822
[INFO] DISTRIBUTING EVENT : 831
[INFO] EVENT FINISHED : 828
[INFO] DISTRIBUTING EVENT : 832
[INFO] EVENT FINISHED : 824
[INFO] DISTRIBUTING EVENT : 833
[INFO] EVENT FINISHED : 825
[INFO] DISTRIBUTING EVENT : 834
[INFO] EVENT FINISHED : 831
[INFO] DISTRIBUTING EVENT : 835
[INFO] EVENT FINISHED : 826
[INFO] DISTRIBUTING EVENT : 836
[INFO] EVENT FINISHED : 829
[INFO] DISTRIBUTING EVENT : 837
[INFO] EVENT FINISHED : 832
[INFO] DISTRIBUTING EVENT : 838
[INFO] EVENT FINISHED : 836
[INFO] DISTRIBUTING EVENT : 839
[INFO] EVENT FINISHED : 837
[INFO] DISTRIBUTING EVENT : 840
[INFO] EVENT FINISHED : 827
[INFO] DISTRIBUTING EVENT : 841
[INFO] EVENT FINISHED : 830
[INFO] DISTRIBUTING EVENT : 842
[INFO] EVENT FINISHED : 839
[INFO] DISTRIBUTING EVENT : 843
[INFO] EVENT FINISHED : 840
[INFO] DISTRIBUTING EVENT : 844
[INFO] EVENT FINISHED : 835
[INFO] DISTRIBUTING EVENT : 845
[INFO] EVENT FINISHED : 834
[INFO] DISTRIBUTING EVENT : 846
[INFO] EVENT FINISHED : 833
[INFO] DISTRIBUTING EVENT : 847
[INFO] EVENT FINISHED : 843
[INFO] DISTRIBUTING EVENT : 848
[INFO] EVENT FINISHED : 842
[INFO] DISTRIBUTING EVENT : 849
[INFO] EVENT FINISHED : 847
[INFO] DISTRIBUTING EVENT : 850
[INFO] EVENT FINISHED : 844
[INFO] DISTRIBUTING EVENT : 851
[INFO] EVENT FINISHED : 838
[INFO] DISTRIBUTING EVENT : 852
[INFO] EVENT FINISHED : 846
[INFO] DISTRIBUTING EVENT : 853
[INFO] EVENT FINISHED : 841
[INFO] DISTRIBUTING EVENT : 854
[INFO] EVENT FINISHED : 845
[INFO] DISTRIBUTING EVENT : 855
[INFO] EVENT FINISHED : 852
[INFO] DISTRIBUTING EVENT : 856
[INFO] EVENT FINISHED : 850
[INFO] DISTRIBUTING EVENT : 857
[INFO] EVENT FINISHED : 848
[INFO] DISTRIBUTING EVENT : 858
[INFO] EVENT FINISHED : 849
[INFO] DISTRIBUTING EVENT : 859
[INFO] EVENT FINISHED : 851
[INFO] DISTRIBUTING EVENT : 860
[INFO] EVENT FINISHED : 853
[INFO] DISTRIBUTING EVENT : 861
[INFO] EVENT FINISHED : 858
[INFO] DISTRIBUTING EVENT : 862
[INFO] EVENT FINISHED : 856
[INFO] DISTRIBUTING EVENT : 863
[INFO] EVENT FINISHED : 863
[INFO] DISTRIBUTING EVENT : 864
[INFO] EVENT FINISHED : 855
[INFO] DISTRIBUTING EVENT : 865
[INFO] EVENT FINISHED : 854
[INFO] DISTRIBUTING EVENT : 866
[INFO] EVENT FINISHED : 859
[INFO] DISTRIBUTING EVENT : 867
[INFO] EVENT FINISHED : 862
[INFO] DISTRIBUTING EVENT : 868
[INFO] EVENT FINISHED : 865
[INFO] DISTRIBUTING EVENT : 869
[INFO] EVENT FINISHED : 860
[INFO] DISTRIBUTING EVENT : 870
[INFO] EVENT FINISHED : 861
[INFO] DISTRIBUTING EVENT : 871
[INFO] EVENT FINISHED : 864
[INFO] DISTRIBUTING EVENT : 872
[INFO] EVENT FINISHED : 857
[INFO] DISTRIBUTING EVENT : 873
[INFO] EVENT FINISHED : 868
[INFO] DISTRIBUTING EVENT : 874
[INFO] EVENT FINISHED : 866
[INFO] DISTRIBUTING EVENT : 875
[INFO] EVENT FINISHED : 869
[INFO] DISTRIBUTING EVENT : 876
[INFO] EVENT FINISHED : 867
[INFO] DISTRIBUTING EVENT : 877
[INFO] EVENT FINISHED : 873
[INFO] DISTRIBUTING EVENT : 878
[INFO] EVENT FINISHED : 871
[INFO] DISTRIBUTING EVENT : 879
[INFO] EVENT FINISHED : 878
[INFO] DISTRIBUTING EVENT : 880
[INFO] EVENT FINISHED : 874
[INFO] DISTRIBUTING EVENT : 881
[INFO] EVENT FINISHED : 870
[INFO] DISTRIBUTING EVENT : 882
[INFO] EVENT FINISHED : 876
[INFO] DISTRIBUTING EVENT : 883
[INFO] EVENT FINISHED : 881
[INFO] DISTRIBUTING EVENT : 884
[INFO] EVENT FINISHED : 875
[INFO] DISTRIBUTING EVENT : 885
[INFO] EVENT FINISHED : 872
[INFO] DISTRIBUTING EVENT : 886
[INFO] EVENT FINISHED : 883
[INFO] DISTRIBUTING EVENT : 887
[INFO] EVENT FINISHED : 877
[INFO] DISTRIBUTING EVENT : 888
[INFO] EVENT FINISHED : 882
[INFO] DISTRIBUTING EVENT : 889
[INFO] EVENT FINISHED : 880
[INFO] DISTRIBUTING EVENT : 890
[INFO] EVENT FINISHED : 890
[INFO] DISTRIBUTING EVENT : 891
[INFO] EVENT FINISHED : 884
[INFO] DISTRIBUTING EVENT : 892
[INFO] EVENT FINISHED : 891
[INFO] DISTRIBUTING EVENT : 893
[INFO] EVENT FINISHED : 879
[INFO] DISTRIBUTING EVENT : 894
[INFO] EVENT FINISHED : 888
[INFO] DISTRIBUTING EVENT : 895
[INFO] EVENT FINISHED : 894
[INFO] DISTRIBUTING EVENT : 896
[INFO] EVENT FINISHED : 893
[INFO] DISTRIBUTING EVENT : 897
[INFO] EVENT FINISHED : 886
[INFO] DISTRIBUTING EVENT : 898
[INFO] EVENT FINISHED : 889
[INFO] DISTRIBUTING EVENT : 899
[INFO] EVENT FINISHED : 887
[INFO] DISTRIBUTING EVENT : 900
[INFO] EVENT FINISHED : 885
[INFO] DISTRIBUTING EVENT : 901
[INFO] EVENT FINISHED : 895
[INFO] DISTRIBUTING EVENT : 902
[INFO] EVENT FINISHED : 902
[INFO] DISTRIBUTING EVENT : 903
[INFO] EVENT FINISHED : 901
[INFO] DISTRIBUTING EVENT : 904
[INFO] EVENT FINISHED : 892
[INFO] DISTRIBUTING EVENT : 905
[INFO] EVENT FINISHED : 905
[INFO] DISTRIBUTING EVENT : 906
[INFO] EVENT FINISHED : 896
[INFO] DISTRIBUTING EVENT : 907
[INFO] EVENT FINISHED : 900
[INFO] DISTRIBUTING EVENT : 908
[INFO] EVENT FINISHED : 906
[INFO] DISTRIBUTING EVENT : 909
[INFO] EVENT FINISHED : 898
[INFO] DISTRIBUTING EVENT : 910
[INFO] EVENT FINISHED : 909
[INFO] DISTRIBUTING EVENT : 911
[INFO] EVENT FINISHED : 911
[INFO] DISTRIBUTING EVENT : 912
[INFO] EVENT FINISHED : 897
[INFO] DISTRIBUTING EVENT : 913
[INFO] EVENT FINISHED : 903
[INFO] DISTRIBUTING EVENT : 914
[INFO] EVENT FINISHED : 899
[INFO] DISTRIBUTING EVENT : 915
[INFO] EVENT FINISHED : 904
[INFO] DISTRIBUTING EVENT : 916
[INFO] EVENT FINISHED : 908
[INFO] DISTRIBUTING EVENT : 917
[INFO] EVENT FINISHED : 914
[INFO] DISTRIBUTING EVENT : 918
[INFO] EVENT FINISHED : 907
[INFO] DISTRIBUTING EVENT : 919
[INFO] EVENT FINISHED : 913
[INFO] DISTRIBUTING EVENT : 920
[INFO] EVENT FINISHED : 915
[INFO] DISTRIBUTING EVENT : 921
[INFO] EVENT FINISHED : 910
[INFO] DISTRIBUTING EVENT : 922
[INFO] EVENT FINISHED : 916
[INFO] DISTRIBUTING EVENT : 923
[INFO] EVENT FINISHED : 923
[INFO] DISTRIBUTING EVENT : 924
[INFO] EVENT FINISHED : 912
[INFO] DISTRIBUTING EVENT : 925
[INFO] EVENT FINISHED : 918
[INFO] DISTRIBUTING EVENT : 926
[INFO] EVENT FINISHED : 917
[INFO] DISTRIBUTING EVENT : 927
[INFO] EVENT FINISHED : 924
[INFO] DISTRIBUTING EVENT : 928
[INFO] EVENT FINISHED : 919
[INFO] DISTRIBUTING EVENT : 929
[INFO] EVENT FINISHED : 920
[INFO] DISTRIBUTING EVENT : 930
[INFO] EVENT FINISHED : 922
[INFO] DISTRIBUTING EVENT : 931
[INFO] EVENT FINISHED : 921
[INFO] DISTRIBUTING EVENT : 932
[INFO] EVENT FINISHED : 930
[INFO] DISTRIBUTING EVENT : 933
[INFO] EVENT FINISHED : 926
[INFO] DISTRIBUTING EVENT : 934
[INFO] EVENT FINISHED : 932
[INFO] DISTRIBUTING EVENT : 935
[INFO] EVENT FINISHED : 929
[INFO] DISTRIBUTING EVENT : 936
[INFO] EVENT FINISHED : 927
[INFO] DISTRIBUTING EVENT : 937
[INFO] EVENT FINISHED : 925
[INFO] DISTRIBUTING EVENT : 938
[INFO] EVENT FINISHED : 928
[INFO] DISTRIBUTING EVENT : 939
[INFO] EVENT FINISHED : 933
[INFO] DISTRIBUTING EVENT : 940
[INFO] EVENT FINISHED : 936
[INFO] DISTRIBUTING EVENT : 941
[INFO] EVENT FINISHED : 937
[INFO] DISTRIBUTING EVENT : 942
[INFO] EVENT FINISHED : 934
[INFO] DISTRIBUTING EVENT : 943
[INFO] EVENT FINISHED : 935
[INFO] DISTRIBUTING EVENT : 944
[INFO] EVENT FINISHED : 940
[INFO] DISTRIBUTING EVENT : 945
[INFO] EVENT FINISHED : 944
[INFO] DISTRIBUTING EVENT : 946
[INFO] EVENT FINISHED : 931
[INFO] DISTRIBUTING EVENT : 947
[INFO] EVENT FINISHED : 946
[INFO] DISTRIBUTING EVENT : 948
[INFO] EVENT FINISHED : 941
[INFO] DISTRIBUTING EVENT : 949
[INFO] EVENT FINISHED : 938
[INFO] DISTRIBUTING EVENT : 950
[INFO] EVENT FINISHED : 942
[INFO] DISTRIBUTING EVENT : 951
[INFO] EVENT FINISHED : 945
[INFO] DISTRIBUTING EVENT : 952
[INFO] EVENT FINISHED : 939
[INFO] DISTRIBUTING EVENT : 953
[INFO] EVENT FINISHED : 943
[INFO] DISTRIBUTING EVENT : 954
[INFO] EVENT FINISHED : 947
[INFO] DISTRIBUTING EVENT : 955
[INFO] EVENT FINISHED : 950
[INFO] DISTRIBUTING EVENT : 956
[INFO] EVENT FINISHED : 949
[INFO] DISTRIBUTING EVENT : 957
[INFO] EVENT FINISHED : 951
[INFO] DISTRIBUTING EVENT : 958
[INFO] EVENT FINISHED : 954
[INFO] DISTRIBUTING EVENT : 959
[INFO] EVENT FINISHED : 952
[INFO] DISTRIBUTING EVENT : 960
[INFO] EVENT FINISHED : 948
[INFO] DISTRIBUTING EVENT : 961
[INFO] EVENT FINISHED : 955
[INFO] DISTRIBUTING EVENT : 962
[INFO] EVENT FINISHED : 953
[INFO] DISTRIBUTING EVENT : 963
[INFO] EVENT FINISHED : 958
[INFO] DISTRIBUTING EVENT : 964
[INFO] EVENT FINISHED : 959
[INFO] DISTRIBUTING EVENT : 965
[INFO] EVENT FINISHED : 963
[INFO] DISTRIBUTING EVENT : 966
[INFO] EVENT FINISHED : 956
[INFO] DISTRIBUTING EVENT : 967
[INFO] EVENT FINISHED : 960
[INFO] DISTRIBUTING EVENT : 968
[INFO] EVENT FINISHED : 957
[INFO] DISTRIBUTING EVENT : 969
[INFO] EVENT FINISHED : 967
[INFO] DISTRIBUTING EVENT : 970
[INFO] EVENT FINISHED : 961
[INFO] DISTRIBUTING EVENT : 971
[INFO] EVENT FINISHED : 965
[INFO] DISTRIBUTING EVENT : 972
[INFO] EVENT FINISHED : 962
[INFO] DISTRIBUTING EVENT : 973
[INFO] EVENT FINISHED : 964
[INFO] DISTRIBUTING EVENT : 974
[INFO] EVENT FINISHED : 972
[INFO] DISTRIBUTING EVENT : 975
[INFO] EVENT FINISHED : 968
[INFO] DISTRIBUTING EVENT : 976
[INFO] EVENT FINISHED : 969
[INFO] DISTRIBUTING EVENT : 977
[INFO] EVENT FINISHED : 971
[INFO] DISTRIBUTING EVENT : 978
[INFO] EVENT FINISHED : 966
[INFO] DISTRIBUTING EVENT : 979
[INFO] EVENT FINISHED : 976
[INFO] DISTRIBUTING EVENT : 980
[INFO] EVENT FINISHED : 973
[INFO] DISTRIBUTING EVENT : 981
[INFO] EVENT FINISHED : 970
[INFO] DISTRIBUTING EVENT : 982
[INFO] EVENT FINISHED : 974
[INFO] DISTRIBUTING EVENT : 983
[INFO] EVENT FINISHED : 977
[INFO] DISTRIBUTING EVENT : 984
[INFO] EVENT FINISHED : 975
[INFO] DISTRIBUTING EVENT : 985
[INFO] EVENT FINISHED : 981
[INFO] DISTRIBUTING EVENT : 986
[INFO] EVENT FINISHED : 982
[INFO] DISTRIBUTING EVENT : 987
[INFO] EVENT FINISHED : 980
[INFO] DISTRIBUTING EVENT : 988
[INFO] EVENT FINISHED : 979
[INFO] DISTRIBUTING EVENT : 989
[INFO] EVENT FINISHED : 978
[INFO] DISTRIBUTING EVENT : 990
[INFO] EVENT FINISHED : 988
[INFO] DISTRIBUTING EVENT : 991
[INFO] EVENT FINISHED : 983
[INFO] DISTRIBUTING EVENT : 992
[INFO] EVENT FINISHED : 991
[INFO] DISTRIBUTING EVENT : 993
[INFO] EVENT FINISHED : 985
[INFO] DISTRIBUTING EVENT : 994
[INFO] EVENT FINISHED : 986
[INFO] DISTRIBUTING EVENT : 995
[INFO] EVENT FINISHED : 984
[INFO] DISTRIBUTING EVENT : 996
[INFO] EVENT FINISHED : 989
[INFO] DISTRIBUTING EVENT : 997
[INFO] EVENT FINISHED : 996
[INFO] DISTRIBUTING EVENT : 998
[INFO] EVENT FINISHED : 997
[INFO] DISTRIBUTING EVENT : 999
[INFO] EVENT FINISHED : 992
[INFO] DISTRIBUTING EVENT : 1000
[INFO] EVENT FINISHED : 990
[INFO] EVENT FINISHED : 993
[INFO] EVENT FINISHED : 987
[INFO] EVENT FINISHED : 998
[INFO] EVENT FINISHED : 994
[INFO] EVENT FINISHED : 1000
[INFO] EVENT FINISHED : 995
[INFO] SIMULATION IS DONE. INITIATING SHUTDOWN.
[INFO] EVENT FINISHED : 999
[INFO] Merger process 109251 returned
[INFO] Simulation process took 71727 s
[INFO] SIMULATION RETURNED SUCCESFULLY
